// Jest Snapshot v1, https://goo.gl/fbAQLP

exports[`matches snapshot 1`] = `
<DocumentFragment>
  <div>
    <h3>
      Todo List
    </h3>
    <form>
      <div>
        <label
          for="task"
        >
          Task
        </label>
        <input
          id="task"
          name="task"
          type="text"
          value=""
        />
      </div>
      <button
        id="newTaskButton"
      >
        Add Task
      </button>
    </form>
    <div />
  </div>
</DocumentFragment>
`;
