// Jest Snapshot v1, https://goo.gl/fbAQLP

exports[`matches snapshot 1`] = `
<DocumentFragment>
  <div>
    <h3>
      Boxes!
    </h3>
    <form>
      <label
        for="color"
      >
        Color
      </label>
      <input
        id="color"
        name="color"
        placeholder="Box Color"
        type="text"
        value=""
      />
      <label
        for="height"
      >
        Height
      </label>
      <input
        id="height"
        name="height"
        placeholder="Box Height"
        type="text"
        value=""
      />
      <label
        for="width"
      >
        Width
      </label>
      <input
        id="width"
        name="width"
        placeholder="Box Width"
        type="text"
        value=""
      />
      <button>
        Create Box
      </button>
    </form>
    <div />
  </div>
</DocumentFragment>
`;
